Info: Series:GW1N-9C Device:GW1NR-9C Package:QFN88P Speed:C6/I5

Info: Packing constants..
Info: Packing Shadow RAM..
Info: Packing GSR..
Info: Packing IOs..
Info: Packing diff IOs..
Info: Packing IO logic..
Info: Packing wide LUTs..
Info: Packing LUT5s..
Info: Packing LUT6s..
Info: Packing LUT7s..
Info: Packing LUT8s..
Info: Packing ALUs..
Info: Packing LUT-FFs..
Info: Packing non-LUT FFs..
Info: Packing PLLs..
Info: Checksum: 0xc1595841

Info: Annotating ports with timing budgets for target frequency 27.00 MHz
Info: Checksum: 0xc1595841

Info: Device utilisation:
Info: 	                 VCC:     1/    1   100%
Info: 	               SLICE:  1202/ 8640    13%
Info: 	                 IOB:    21/  274     7%
Info: 	                ODDR:     0/  274     0%
Info: 	           MUX2_LUT5:   353/ 4320     8%
Info: 	           MUX2_LUT6:   165/ 2160     7%
Info: 	           MUX2_LUT7:    73/ 1080     6%
Info: 	           MUX2_LUT8:    22/ 1056     2%
Info: 	                 GND:     1/    1   100%
Info: 	                RAMW:     0/  270     0%
Info: 	                 GSR:     1/    1   100%
Info: 	                 OSC:     0/    1     0%
Info: 	                rPLL:     0/    2     0%

Info: Placed 21 cells based on constraints.
Info: Creating initial analytic placement for 443 cells, random placement wirelen = 17326.
Info:     at initial placer iter 0, wirelen = 683
Info:     at initial placer iter 1, wirelen = 622
Info:     at initial placer iter 2, wirelen = 589
Info:     at initial placer iter 3, wirelen = 623
Info: Running main analytical placer, max placement attempts per cell = 422740.
Info:     at iteration #1, type SLICE: wirelen solved = 660, spread = 5943, legal = 5966; time = 0.01s
Info:     at iteration #1, type MUX2_LUT8: wirelen solved = 5962, spread = 6074, legal = 6126; time = 0.01s
Info:     at iteration #1, type MUX2_LUT7: wirelen solved = 6127, spread = 6437, legal = 6514; time = 0.01s
Info:     at iteration #1, type MUX2_LUT5: wirelen solved = 6144, spread = 6309, legal = 6315; time = 0.01s
Info:     at iteration #1, type VCC: wirelen solved = 6315, spread = 6315, legal = 6315; time = 0.01s
Info:     at iteration #1, type MUX2_LUT6: wirelen solved = 6131, spread = 6213, legal = 6223; time = 0.01s
Info:     at iteration #1, type GND: wirelen solved = 6223, spread = 6223, legal = 6223; time = 0.01s
Info:     at iteration #1, type GSR: wirelen solved = 6223, spread = 6223, legal = 6223; time = 0.00s
Info:     at iteration #1, type ALL: wirelen solved = 644, spread = 5277, legal = 5396; time = 0.02s
Info:     at iteration #2, type SLICE: wirelen solved = 2319, spread = 4336, legal = 4620; time = 0.01s
Info:     at iteration #2, type MUX2_LUT8: wirelen solved = 4467, spread = 4482, legal = 4545; time = 0.01s
Info:     at iteration #2, type MUX2_LUT7: wirelen solved = 4377, spread = 4494, legal = 4552; time = 0.01s
Info:     at iteration #2, type MUX2_LUT5: wirelen solved = 4325, spread = 4375, legal = 4383; time = 0.01s
Info:     at iteration #2, type VCC: wirelen solved = 4383, spread = 4383, legal = 4383; time = 0.00s
Info:     at iteration #2, type MUX2_LUT6: wirelen solved = 4248, spread = 4308, legal = 4308; time = 0.01s
Info:     at iteration #2, type GND: wirelen solved = 4308, spread = 4308, legal = 4308; time = 0.00s
Info:     at iteration #2, type GSR: wirelen solved = 4308, spread = 4308, legal = 4308; time = 0.01s
Info:     at iteration #2, type ALL: wirelen solved = 799, spread = 4081, legal = 4346; time = 0.02s
Info:     at iteration #3, type SLICE: wirelen solved = 1999, spread = 4391, legal = 4624; time = 0.01s
Info:     at iteration #3, type MUX2_LUT8: wirelen solved = 4494, spread = 4499, legal = 4571; time = 0.01s
Info:     at iteration #3, type MUX2_LUT7: wirelen solved = 4440, spread = 4593, legal = 4646; time = 0.01s
Info:     at iteration #3, type MUX2_LUT5: wirelen solved = 4442, spread = 4577, legal = 4594; time = 0.00s
Info:     at iteration #3, type VCC: wirelen solved = 4594, spread = 4594, legal = 4594; time = 0.00s
Info:     at iteration #3, type MUX2_LUT6: wirelen solved = 4436, spread = 4590, legal = 4597; time = 0.01s
Info:     at iteration #3, type GND: wirelen solved = 4597, spread = 4597, legal = 4597; time = 0.00s
Info:     at iteration #3, type GSR: wirelen solved = 4597, spread = 4597, legal = 4597; time = 0.00s
Info:     at iteration #3, type ALL: wirelen solved = 917, spread = 3766, legal = 4028; time = 0.02s
Info:     at iteration #4, type SLICE: wirelen solved = 2066, spread = 4164, legal = 4474; time = 0.01s
Info:     at iteration #4, type MUX2_LUT8: wirelen solved = 4396, spread = 4403, legal = 4545; time = 0.01s
Info:     at iteration #4, type MUX2_LUT7: wirelen solved = 4426, spread = 4530, legal = 4585; time = 0.01s
Info:     at iteration #4, type MUX2_LUT5: wirelen solved = 4494, spread = 4588, legal = 4590; time = 0.01s
Info:     at iteration #4, type VCC: wirelen solved = 4590, spread = 4590, legal = 4590; time = 0.01s
Info:     at iteration #4, type MUX2_LUT6: wirelen solved = 4453, spread = 4581, legal = 4608; time = 0.01s
Info:     at iteration #4, type GND: wirelen solved = 4608, spread = 4608, legal = 4608; time = 0.00s
Info:     at iteration #4, type GSR: wirelen solved = 4608, spread = 4608, legal = 4608; time = 0.00s
Info:     at iteration #4, type ALL: wirelen solved = 1083, spread = 4011, legal = 4252; time = 0.02s
Info:     at iteration #5, type SLICE: wirelen solved = 2251, spread = 4397, legal = 4685; time = 0.01s
Info:     at iteration #5, type MUX2_LUT8: wirelen solved = 4593, spread = 4599, legal = 4632; time = 0.01s
Info:     at iteration #5, type MUX2_LUT7: wirelen solved = 4514, spread = 4653, legal = 4675; time = 0.01s
Info:     at iteration #5, type MUX2_LUT5: wirelen solved = 4437, spread = 4477, legal = 4479; time = 0.00s
Info:     at iteration #5, type VCC: wirelen solved = 4479, spread = 4479, legal = 4479; time = 0.01s
Info:     at iteration #5, type MUX2_LUT6: wirelen solved = 4344, spread = 4371, legal = 4388; time = 0.01s
Info:     at iteration #5, type GND: wirelen solved = 4388, spread = 4388, legal = 4388; time = 0.00s
Info:     at iteration #5, type GSR: wirelen solved = 4388, spread = 4388, legal = 4388; time = 0.01s
Info:     at iteration #5, type ALL: wirelen solved = 1217, spread = 4000, legal = 4330; time = 0.02s
Info:     at iteration #6, type SLICE: wirelen solved = 2255, spread = 4238, legal = 4493; time = 0.01s
Info:     at iteration #6, type MUX2_LUT8: wirelen solved = 4387, spread = 4388, legal = 4503; time = 0.01s
Info:     at iteration #6, type MUX2_LUT7: wirelen solved = 4372, spread = 4526, legal = 4580; time = 0.01s
Info:     at iteration #6, type MUX2_LUT5: wirelen solved = 4425, spread = 4532, legal = 4539; time = 0.01s
Info:     at iteration #6, type VCC: wirelen solved = 4539, spread = 4539, legal = 4539; time = 0.01s
Info:     at iteration #6, type MUX2_LUT6: wirelen solved = 4417, spread = 4480, legal = 4502; time = 0.01s
Info:     at iteration #6, type GND: wirelen solved = 4502, spread = 4502, legal = 4502; time = 0.00s
Info:     at iteration #6, type GSR: wirelen solved = 4502, spread = 4502, legal = 4502; time = 0.01s
Info:     at iteration #6, type ALL: wirelen solved = 1290, spread = 3848, legal = 4105; time = 0.02s
Info:     at iteration #7, type SLICE: wirelen solved = 2307, spread = 4296, legal = 4410; time = 0.01s
Info:     at iteration #7, type MUX2_LUT8: wirelen solved = 4326, spread = 4343, legal = 4414; time = 0.01s
Info:     at iteration #7, type MUX2_LUT7: wirelen solved = 4293, spread = 4404, legal = 4454; time = 0.01s
Info:     at iteration #7, type MUX2_LUT5: wirelen solved = 4296, spread = 4336, legal = 4337; time = 0.00s
Info:     at iteration #7, type VCC: wirelen solved = 4337, spread = 4337, legal = 4337; time = 0.01s
Info:     at iteration #7, type MUX2_LUT6: wirelen solved = 4145, spread = 4227, legal = 4234; time = 0.01s
Info:     at iteration #7, type GND: wirelen solved = 4234, spread = 4234, legal = 4234; time = 0.01s
Info:     at iteration #7, type GSR: wirelen solved = 4234, spread = 4234, legal = 4234; time = 0.01s
Info:     at iteration #7, type ALL: wirelen solved = 1434, spread = 3815, legal = 4087; time = 0.02s
Info:     at iteration #8, type SLICE: wirelen solved = 2356, spread = 3829, legal = 4252; time = 0.02s
Info:     at iteration #8, type MUX2_LUT8: wirelen solved = 4150, spread = 4167, legal = 4242; time = 0.01s
Info:     at iteration #8, type MUX2_LUT7: wirelen solved = 4167, spread = 4284, legal = 4314; time = 0.01s
Info:     at iteration #8, type MUX2_LUT5: wirelen solved = 4199, spread = 4307, legal = 4305; time = 0.01s
Info:     at iteration #8, type VCC: wirelen solved = 4305, spread = 4305, legal = 4305; time = 0.00s
Info:     at iteration #8, type MUX2_LUT6: wirelen solved = 4203, spread = 4323, legal = 4331; time = 0.00s
Info:     at iteration #8, type GND: wirelen solved = 4331, spread = 4331, legal = 4331; time = 0.01s
Info:     at iteration #8, type GSR: wirelen solved = 4331, spread = 4331, legal = 4331; time = 0.00s
Info:     at iteration #8, type ALL: wirelen solved = 1464, spread = 3964, legal = 4186; time = 0.02s
Info: HeAP Placer Time: 0.64s
Info:   of which solving equations: 0.49s
Info:   of which spreading cells: 0.03s
Info:   of which strict legalisation: 0.06s

Info: Running simulated annealing placer for refinement.
Info:   at iteration #1: temp = 0.000000, timing cost = 1117, wirelen = 4028
Info:   at iteration #5: temp = 0.000000, timing cost = 574, wirelen = 2576
Info:   at iteration #10: temp = 0.000000, timing cost = 672, wirelen = 2378
Info:   at iteration #15: temp = 0.000000, timing cost = 638, wirelen = 2269
Info:   at iteration #20: temp = 0.000000, timing cost = 678, wirelen = 2211
Info:   at iteration #25: temp = 0.000000, timing cost = 877, wirelen = 2150
Info:   at iteration #29: temp = 0.000000, timing cost = 933, wirelen = 2131 
Info: SA placement time 1.99s

Info: Max frequency for clock 'u_antreb.clk': 34.50 MHz (PASS at 27.00 MHz)

Info: Max delay <async>              -> <async>             : 24.06 ns
Info: Max delay <async>              -> posedge u_antreb.clk: 26.51 ns
Info: Max delay posedge u_antreb.clk -> <async>             : 30.37 ns

Info: Slack histogram:
Info:  legend: * represents 14 endpoint(s)
Info:          + represents [1,14) endpoint(s)
Info: [  6670,   8146) |+
Info: [  8146,   9622) |+
Info: [  9622,  11098) |*+
Info: [ 11098,  12574) |*+
Info: [ 12574,  14050) |***+
Info: [ 14050,  15526) |***+
Info: [ 15526,  17002) |*******+
Info: [ 17002,  18478) |*********************+
Info: [ 18478,  19954) |***********************************+
Info: [ 19954,  21430) |************************************************************ 
Info: [ 21430,  22906) |*************************************+
Info: [ 22906,  24382) |***************************+
Info: [ 24382,  25858) |*****+
Info: [ 25858,  27334) |**+
Info: [ 27334,  28810) |**+
Info: [ 28810,  30286) |****+
Info: [ 30286,  31762) |*****+
Info: [ 31762,  33238) |*****+
Info: [ 33238,  34714) |**************+
Info: [ 34714,  36190) |*******************+
Info: Checksum: 0x1fb0b19f
Info: Find global nets...
Info: Routing globals...
Info:   Route net u_antreb.clk, use clock #0.
Info:   Net u_antreb.clk is routed.

Info: Routing..
Info: Setting up routing queue.
Info: Routing 4760 arcs.
Info:            |   (re-)routed arcs  |   delta    | remaining|       time spent     |
Info:    IterCnt |  w/ripup   wo/ripup |  w/r  wo/r |      arcs| batch(sec) total(sec)|
Info:       1000 |      165        834 |  165   834 |      4132|       0.33       0.33|
Info:       2000 |      391       1608 |  226   774 |      3730|       0.22       0.56|
Info:       3000 |      557       2442 |  166   834 |      3119|       0.13       0.69|
Info:       4000 |      691       3308 |  134   866 |      2482|       1.05       1.74|
Info:       5000 |      839       4160 |  148   852 |      1758|       2.57       4.31|
Info:       6000 |     1077       4922 |  238   762 |      1377|       1.86       6.17|
Info:       7000 |     1287       5712 |  210   790 |       765|       1.95       8.12|
Info:       8000 |     1487       6512 |  200   800 |       200|       1.78       9.90|
Info:       8383 |     1565       6818 |   78   306 |         0|       0.62      10.52|
Info: Routing complete.
Info: Router1 time 10.52s
Info: Checksum: 0x570a74b1

Info: Critical path report for clock 'u_antreb.clk' (posedge -> posedge):
Info: curr total
Info:  0.5  0.5  Source u_b3.d1_2_DFFRE_Q_1_D_LUT3_F_LC.Q
Info:  0.4  0.9    Net n2_d1[2] budget 36.579037 ns (16,23) -> (15,23)
Info:                Sink u_b4.num2_ALU_SUM_I0_ALU_SUM_3_I0_LUT2_F_1_LC.B
Info:                Defined in:
Info:                  ../design/top.sv:146.22-158.6
Info:                  ../design/display_selector.sv:5.31-5.36
Info:  1.1  2.0  Source u_b4.num2_ALU_SUM_I0_ALU_SUM_3_I0_LUT2_F_1_LC.F
Info:  0.4  2.4    Net u_b4.num2_ALU_SUM_I0_ALU_SUM_3_I0[2] budget 17.740519 ns (15,23) -> (15,22)
Info:                Sink u_b4.num2_ALU_SUM_I0_ALU_SUM_3_COUT_ALU_COUT_ALULC.A
Info:                Defined in:
Info:                  c:\Users\david\OneDrive\ESCRIT~1\Nacho\TEC\virus\OSS-CA~1\bin\../share/yosys/techmap.v:200.24-200.25
Info:  1.0  3.4  Source u_b4.num2_ALU_SUM_I0_ALU_SUM_3_COUT_ALU_COUT_ALULC.F
Info:  0.4  3.8    Net u_b4.num2_ALU_SUM_I0_ALU_SUM_6_COUT_ALU_COUT_SUM[3] budget 11.483345 ns (15,22) -> (16,22)
Info:                Sink u_b3.d0_2_LUT3_I0_2_LC.B
Info:                Defined in:
Info:                  c:\Users\david\OneDrive\ESCRIT~1\Nacho\TEC\virus\OSS-CA~1\bin\../share/yosys/techmap.v:198.23-198.24
Info:  1.1  4.9  Source u_b3.d0_2_LUT3_I0_2_LC.F
Info:  1.0  5.9    Net u_b4.num2_ALU_SUM_8_I0[3] budget 8.338009 ns (16,22) -> (14,20)
Info:                Sink u_b4.num2_ALU_SUM_6_ALULC.A
Info:                Defined in:
Info:                  c:\Users\david\OneDrive\ESCRIT~1\Nacho\TEC\virus\OSS-CA~1\bin\../share/yosys/techmap.v:200.24-200.25
Info:  1.0  6.9  Source u_b4.num2_ALU_SUM_6_ALULC.F
Info:  1.8  8.7    Net u_b4.num2[3] budget 6.464208 ns (14,20) -> (13,16)
Info:                Sink u_b4.resultado_DFFRE_Q_10_D_ALU_SUM_COUT_ALU_COUT_6_ALULC.B
Info:                Defined in:
Info:                  ../design/top.sv:117.16-127.6
Info:                  ../design/B4_sumar_numero.sv:23.18-23.22
Info:  1.1  9.8  Source u_b4.resultado_DFFRE_Q_10_D_ALU_SUM_COUT_ALU_COUT_6_ALULC.F
Info:  1.4 11.1    Net u_b4.resultado_DFFRE_Q_10_D_ALU_SUM_COUT_ALU_COUT_7_SUM[2] budget 5.203840 ns (13,16) -> (16,15)
Info:                Sink u_b4.resultado_DFFRE_Q_10_D_ALU_SUM_COUT_ALU_COUT_7_SUM_LUT4_I1_LC.B
Info:                Defined in:
Info:                  ../design/top.sv:117.16-127.6
Info:                  ../design/B4_sumar_numero.sv:41.26-41.37
Info:                  c:\Users\david\OneDrive\ESCRIT~1\Nacho\TEC\virus\OSS-CA~1\bin\../share/yosys/gowin/arith_map.v:34.28-34.29
Info:  1.1 12.2  Source u_b4.resultado_DFFRE_Q_10_D_ALU_SUM_COUT_ALU_COUT_7_SUM_LUT4_I1_LC.F
Info:  0.8 13.0    Net u_b4.resultado_DFFRE_Q_10_D_ALU_SUM_COUT_ALU_COUT_4_SUM_LUT4_I1_F[4] budget 4.303576 ns (16,15) -> (17,15)
Info:                Sink u_b4.resultado_DFFRE_Q_10_D_LUT2_I1_F_MUX2_LUT5_I1_O_LUT3_I0_F_MUX2_LUT5_I0_O_MUX2_LUT6_I1_O_MUX2_LUT7_I1_O_MUX2_LUT8_I1_O_MUX2_LUT5_O_S0_LUT3_I0_F_MUX2_LUT7_O_I1_MUX2_LUT6_O_I1_MUX2_LUT5_O_I1_LUT4_F_LC.C
Info:                Defined in:
Info:                  c:\Users\david\OneDrive\ESCRIT~1\Nacho\TEC\virus\OSS-CA~1\bin\../share/yosys/gowin/cells_map.v:130.20-130.21
Info:  0.8 13.9  Source u_b4.resultado_DFFRE_Q_10_D_LUT2_I1_F_MUX2_LUT5_I1_O_LUT3_I0_F_MUX2_LUT5_I0_O_MUX2_LUT6_I1_O_MUX2_LUT7_I1_O_MUX2_LUT8_I1_O_MUX2_LUT5_O_S0_LUT3_I0_F_MUX2_LUT7_O_I1_MUX2_LUT6_O_I1_MUX2_LUT5_O_I1_LUT4_F_LC.F
Info:  0.3 14.2    Net u_b4.resultado_DFFRE_Q_10_D_LUT2_I1_F_MUX2_LUT5_I1_O_LUT3_I0_F_MUX2_LUT5_I0_O_MUX2_LUT6_I1_O_MUX2_LUT7_I1_O_MUX2_LUT8_I1_O_MUX2_LUT5_O_S0_LUT3_I0_F_MUX2_LUT7_O_I1_MUX2_LUT6_O_I1_MUX2_LUT5_O_I1 budget 2.536185 ns (17,15) -> (17,15)
Info:                Sink u_b4.resultado_DFFRE_Q_10_D_LUT2_I1_F_MUX2_LUT5_I1_O_LUT3_I0_F_MUX2_LUT5_I0_O_MUX2_LUT6_I1_O_MUX2_LUT7_I1_O_MUX2_LUT8_I1_O_MUX2_LUT5_O_S0_LUT3_I0_F_MUX2_LUT7_O_I1_MUX2_LUT6_O_I1_MUX2_LUT5_O_LC.I1
Info:                Defined in:
Info:                  c:\Users\david\OneDrive\ESCRIT~1\Nacho\TEC\virus\OSS-CA~1\bin\../share/yosys/gowin/cells_map.v:165.42-165.67
Info:                  c:\Users\david\OneDrive\ESCRIT~1\Nacho\TEC\virus\OSS-CA~1\bin\../share/yosys/gowin/cells_map.v:159.41-159.66
Info:                  c:\Users\david\OneDrive\ESCRIT~1\Nacho\TEC\virus\OSS-CA~1\bin\../share/yosys/gowin/cells_map.v:151.13-151.15
Info:  0.2 14.4  Source u_b4.resultado_DFFRE_Q_10_D_LUT2_I1_F_MUX2_LUT5_I1_O_LUT3_I0_F_MUX2_LUT5_I0_O_MUX2_LUT6_I1_O_MUX2_LUT7_I1_O_MUX2_LUT8_I1_O_MUX2_LUT5_O_S0_LUT3_I0_F_MUX2_LUT7_O_I1_MUX2_LUT6_O_I1_MUX2_LUT5_O_LC.OF
Info:  0.3 14.7    Net u_b4.resultado_DFFRE_Q_10_D_LUT2_I1_F_MUX2_LUT5_I1_O_LUT3_I0_F_MUX2_LUT5_I0_O_MUX2_LUT6_I1_O_MUX2_LUT7_I1_O_MUX2_LUT8_I1_O_MUX2_LUT5_O_S0_LUT3_I0_F_MUX2_LUT7_O_I1_MUX2_LUT6_O_I1 budget 2.536185 ns (17,15) -> (17,15)
Info:                Sink u_b4.resultado_DFFRE_Q_10_D_LUT2_I1_F_MUX2_LUT5_I1_O_LUT3_I0_F_MUX2_LUT5_I0_O_MUX2_LUT6_I1_O_MUX2_LUT7_I1_O_MUX2_LUT8_I1_O_MUX2_LUT5_O_S0_LUT3_I0_F_MUX2_LUT7_O_I1_MUX2_LUT6_O_LC.I1
Info:                Defined in:
Info:                  c:\Users\david\OneDrive\ESCRIT~1\Nacho\TEC\virus\OSS-CA~1\bin\../share/yosys/gowin/cells_map.v:165.42-165.67
Info:                  c:\Users\david\OneDrive\ESCRIT~1\Nacho\TEC\virus\OSS-CA~1\bin\../share/yosys/gowin/cells_map.v:157.13-157.15
Info:  0.4 15.0  Source u_b4.resultado_DFFRE_Q_10_D_LUT2_I1_F_MUX2_LUT5_I1_O_LUT3_I0_F_MUX2_LUT5_I0_O_MUX2_LUT6_I1_O_MUX2_LUT7_I1_O_MUX2_LUT8_I1_O_MUX2_LUT5_O_S0_LUT3_I0_F_MUX2_LUT7_O_I1_MUX2_LUT6_O_LC.OF
Info:  0.3 15.4    Net u_b4.resultado_DFFRE_Q_10_D_LUT2_I1_F_MUX2_LUT5_I1_O_LUT3_I0_F_MUX2_LUT5_I0_O_MUX2_LUT6_I1_O_MUX2_LUT7_I1_O_MUX2_LUT8_I1_O_MUX2_LUT5_O_S0_LUT3_I0_F_MUX2_LUT7_O_I1 budget 2.536185 ns (17,15) -> (17,15)
Info:                Sink u_b4.resultado_DFFRE_Q_10_D_LUT2_I1_F_MUX2_LUT5_I1_O_LUT3_I0_F_MUX2_LUT5_I0_O_MUX2_LUT6_I1_O_MUX2_LUT7_I1_O_MUX2_LUT8_I1_O_MUX2_LUT5_O_S0_LUT3_I0_F_MUX2_LUT7_O_LC.I1
Info:                Defined in:
Info:                  c:\Users\david\OneDrive\ESCRIT~1\Nacho\TEC\virus\OSS-CA~1\bin\../share/yosys/gowin/cells_map.v:163.13-163.15
Info:  0.5 15.9  Source u_b4.resultado_DFFRE_Q_10_D_LUT2_I1_F_MUX2_LUT5_I1_O_LUT3_I0_F_MUX2_LUT5_I0_O_MUX2_LUT6_I1_O_MUX2_LUT7_I1_O_MUX2_LUT8_I1_O_MUX2_LUT5_O_S0_LUT3_I0_F_MUX2_LUT7_O_LC.OF
Info:  1.4 17.3    Net u_b4.resultado_DFFRE_Q_10_D_LUT2_I1_F_MUX2_LUT5_I1_O_LUT3_I0_F_MUX2_LUT5_I0_O_MUX2_LUT6_I1_O_MUX2_LUT7_I1_O_MUX2_LUT8_I1_O_MUX2_LUT5_O_S0_LUT3_I0_F[1] budget 2.536185 ns (17,15) -> (21,16)
Info:                Sink u_b4.resultado_DFFRE_Q_10_D_LUT2_I1_F_MUX2_LUT5_I1_O_LUT3_I0_F_MUX2_LUT5_I0_O_MUX2_LUT6_I1_O_MUX2_LUT7_I1_O_MUX2_LUT8_I1_O_MUX2_LUT5_O_S0_LUT3_I0_F_MUX2_LUT7_O_1_I1_MUX2_LUT6_O_I0_MUX2_LUT5_O_I0_LUT4_F_LC.A
Info:                Defined in:
Info:                  c:\Users\david\OneDrive\ESCRIT~1\Nacho\TEC\virus\OSS-CA~1\bin\../share/yosys/gowin/cells_map.v:130.20-130.21
Info:  1.0 18.3  Source u_b4.resultado_DFFRE_Q_10_D_LUT2_I1_F_MUX2_LUT5_I1_O_LUT3_I0_F_MUX2_LUT5_I0_O_MUX2_LUT6_I1_O_MUX2_LUT7_I1_O_MUX2_LUT8_I1_O_MUX2_LUT5_O_S0_LUT3_I0_F_MUX2_LUT7_O_1_I1_MUX2_LUT6_O_I0_MUX2_LUT5_O_I0_LUT4_F_LC.F
Info:  0.3 18.6    Net u_b4.resultado_DFFRE_Q_10_D_LUT2_I1_F_MUX2_LUT5_I1_O_LUT3_I0_F_MUX2_LUT5_I0_O_MUX2_LUT6_I1_O_MUX2_LUT7_I1_O_MUX2_LUT8_I1_O_MUX2_LUT5_O_S0_LUT3_I0_F_MUX2_LUT7_O_1_I1_MUX2_LUT6_O_I0_MUX2_LUT5_O_I0 budget 1.715869 ns (21,16) -> (21,16)
Info:                Sink u_b4.resultado_DFFRE_Q_10_D_LUT2_I1_F_MUX2_LUT5_I1_O_LUT3_I0_F_MUX2_LUT5_I0_O_MUX2_LUT6_I1_O_MUX2_LUT7_I1_O_MUX2_LUT8_I1_O_MUX2_LUT5_O_S0_LUT3_I0_F_MUX2_LUT7_O_1_I1_MUX2_LUT6_O_I0_MUX2_LUT5_O_LC.I0
Info:                Defined in:
Info:                  c:\Users\david\OneDrive\ESCRIT~1\Nacho\TEC\virus\OSS-CA~1\bin\../share/yosys/gowin/cells_map.v:165.42-165.67
Info:                  c:\Users\david\OneDrive\ESCRIT~1\Nacho\TEC\virus\OSS-CA~1\bin\../share/yosys/gowin/cells_map.v:158.41-158.66
Info:                  c:\Users\david\OneDrive\ESCRIT~1\Nacho\TEC\virus\OSS-CA~1\bin\../share/yosys/gowin/cells_map.v:151.9-151.11
Info:  0.2 18.8  Source u_b4.resultado_DFFRE_Q_10_D_LUT2_I1_F_MUX2_LUT5_I1_O_LUT3_I0_F_MUX2_LUT5_I0_O_MUX2_LUT6_I1_O_MUX2_LUT7_I1_O_MUX2_LUT8_I1_O_MUX2_LUT5_O_S0_LUT3_I0_F_MUX2_LUT7_O_1_I1_MUX2_LUT6_O_I0_MUX2_LUT5_O_LC.OF
Info:  0.3 19.1    Net u_b4.resultado_DFFRE_Q_10_D_LUT2_I1_F_MUX2_LUT5_I1_O_LUT3_I0_F_MUX2_LUT5_I0_O_MUX2_LUT6_I1_O_MUX2_LUT7_I1_O_MUX2_LUT8_I1_O_MUX2_LUT5_O_S0_LUT3_I0_F_MUX2_LUT7_O_1_I1_MUX2_LUT6_O_I0 budget 1.715869 ns (21,16) -> (21,16)
Info:                Sink u_b4.resultado_DFFRE_Q_10_D_LUT2_I1_F_MUX2_LUT5_I1_O_LUT3_I0_F_MUX2_LUT5_I0_O_MUX2_LUT6_I1_O_MUX2_LUT7_I1_O_MUX2_LUT8_I1_O_MUX2_LUT5_O_S0_LUT3_I0_F_MUX2_LUT7_O_1_I1_MUX2_LUT6_O_LC.I0
Info:                Defined in:
Info:                  c:\Users\david\OneDrive\ESCRIT~1\Nacho\TEC\virus\OSS-CA~1\bin\../share/yosys/gowin/cells_map.v:165.42-165.67
Info:                  c:\Users\david\OneDrive\ESCRIT~1\Nacho\TEC\virus\OSS-CA~1\bin\../share/yosys/gowin/cells_map.v:157.9-157.11
Info:  0.4 19.5  Source u_b4.resultado_DFFRE_Q_10_D_LUT2_I1_F_MUX2_LUT5_I1_O_LUT3_I0_F_MUX2_LUT5_I0_O_MUX2_LUT6_I1_O_MUX2_LUT7_I1_O_MUX2_LUT8_I1_O_MUX2_LUT5_O_S0_LUT3_I0_F_MUX2_LUT7_O_1_I1_MUX2_LUT6_O_LC.OF
Info:  0.3 19.8    Net u_b4.resultado_DFFRE_Q_10_D_LUT2_I1_F_MUX2_LUT5_I1_O_LUT3_I0_F_MUX2_LUT5_I0_O_MUX2_LUT6_I1_O_MUX2_LUT7_I1_O_MUX2_LUT8_I1_O_MUX2_LUT5_O_S0_LUT3_I0_F_MUX2_LUT7_O_1_I1 budget 1.715869 ns (21,16) -> (21,16)
Info:                Sink u_b4.resultado_DFFRE_Q_10_D_LUT2_I1_F_MUX2_LUT5_I1_O_LUT3_I0_F_MUX2_LUT5_I0_O_MUX2_LUT6_I1_O_MUX2_LUT7_I1_O_MUX2_LUT8_I1_O_MUX2_LUT5_O_S0_LUT3_I0_F_MUX2_LUT7_O_1_LC.I1
Info:                Defined in:
Info:                  c:\Users\david\OneDrive\ESCRIT~1\Nacho\TEC\virus\OSS-CA~1\bin\../share/yosys/gowin/cells_map.v:163.13-163.15
Info:  0.5 20.3  Source u_b4.resultado_DFFRE_Q_10_D_LUT2_I1_F_MUX2_LUT5_I1_O_LUT3_I0_F_MUX2_LUT5_I0_O_MUX2_LUT6_I1_O_MUX2_LUT7_I1_O_MUX2_LUT8_I1_O_MUX2_LUT5_O_S0_LUT3_I0_F_MUX2_LUT7_O_1_LC.OF
Info:  0.8 21.2    Net u_b4.resultado_DFFRE_Q_10_D_LUT2_I1_F_MUX2_LUT5_I1_O_LUT3_I0_F_MUX2_LUT5_I0_O_MUX2_LUT6_I1_O_MUX2_LUT7_I1_O_MUX2_LUT8_I1_O_MUX2_LUT5_O_S0_LUT3_I0_F[2] budget 1.715869 ns (21,16) -> (20,16)
Info:                Sink u_b4.resultado_DFFRE_Q_10_D_LUT2_I1_F_MUX2_LUT5_I1_O_LUT3_I2_F_LUT4_I1_F_LUT4_I0_F_MUX2_LUT6_O_1_I1_MUX2_LUT5_O_I0_LUT1_F_LC.A
Info:                Defined in:
Info:                  c:\Users\david\OneDrive\ESCRIT~1\Nacho\TEC\virus\OSS-CA~1\bin\../share/yosys/gowin/cells_map.v:130.20-130.21
Info:  1.0 22.2  Source u_b4.resultado_DFFRE_Q_10_D_LUT2_I1_F_MUX2_LUT5_I1_O_LUT3_I2_F_LUT4_I1_F_LUT4_I0_F_MUX2_LUT6_O_1_I1_MUX2_LUT5_O_I0_LUT1_F_LC.F
Info:  0.3 22.5    Net u_b4.resultado_DFFRE_Q_10_D_LUT2_I1_F_MUX2_LUT5_I1_O_LUT3_I2_F_LUT4_I1_F_LUT4_I0_F_MUX2_LUT6_O_1_I1_MUX2_LUT5_O_I0 budget 1.343113 ns (20,16) -> (20,16)
Info:                Sink u_b4.resultado_DFFRE_Q_10_D_LUT2_I1_F_MUX2_LUT5_I1_O_LUT3_I2_F_LUT4_I1_F_LUT4_I0_F_MUX2_LUT6_O_1_I1_MUX2_LUT5_O_LC.I0
Info:                Defined in:
Info:                  c:\Users\david\OneDrive\ESCRIT~1\Nacho\TEC\virus\OSS-CA~1\bin\../share/yosys/gowin/cells_map.v:159.41-159.66
Info:                  c:\Users\david\OneDrive\ESCRIT~1\Nacho\TEC\virus\OSS-CA~1\bin\../share/yosys/gowin/cells_map.v:151.9-151.11
Info:  0.2 22.7  Source u_b4.resultado_DFFRE_Q_10_D_LUT2_I1_F_MUX2_LUT5_I1_O_LUT3_I2_F_LUT4_I1_F_LUT4_I0_F_MUX2_LUT6_O_1_I1_MUX2_LUT5_O_LC.OF
Info:  0.3 23.0    Net u_b4.resultado_DFFRE_Q_10_D_LUT2_I1_F_MUX2_LUT5_I1_O_LUT3_I2_F_LUT4_I1_F_LUT4_I0_F_MUX2_LUT6_O_1_I1 budget 1.343113 ns (20,16) -> (20,16)
Info:                Sink u_b4.resultado_DFFRE_Q_10_D_LUT2_I1_F_MUX2_LUT5_I1_O_LUT3_I2_F_LUT4_I1_F_LUT4_I0_F_MUX2_LUT6_O_1_LC.I1
Info:                Defined in:
Info:                  c:\Users\david\OneDrive\ESCRIT~1\Nacho\TEC\virus\OSS-CA~1\bin\../share/yosys/gowin/cells_map.v:157.13-157.15
Info:  0.4 23.4  Source u_b4.resultado_DFFRE_Q_10_D_LUT2_I1_F_MUX2_LUT5_I1_O_LUT3_I2_F_LUT4_I1_F_LUT4_I0_F_MUX2_LUT6_O_1_LC.OF
Info:  0.4 23.8    Net u_b4.resultado_DFFRE_Q_10_D_LUT2_I1_F_MUX2_LUT5_I1_O_LUT3_I2_F_LUT4_I1_F_LUT4_I0_F[2] budget 1.343113 ns (20,16) -> (20,16)
Info:                Sink u_b4.resultado_DFFRE_Q_10_D_LUT2_I1_F_MUX2_LUT5_I1_O_LUT3_I2_F_LUT4_I1_F_LUT4_F_I1_LUT4_I0_I1_DFFR_D_Q_LUT3_I2_F_LUT4_F_I1_DFF_Q_DFFLC.A
Info:  0.0 23.8  Setup u_b4.resultado_DFFRE_Q_10_D_LUT2_I1_F_MUX2_LUT5_I1_O_LUT3_I2_F_LUT4_I1_F_LUT4_F_I1_LUT4_I0_I1_DFFR_D_Q_LUT3_I2_F_LUT4_F_I1_DFF_Q_DFFLC.A
Info: 12.5 ns logic, 11.3 ns routing

Info: Critical path report for cross-domain path '<async>' -> '<async>':
Info: curr total
Info:  0.0  0.0  Source u_b3.rst_IBUF_O$iob.O
Info:  8.0  8.0    Net u_b3.rst budget 37.037037 ns (1,0) -> (16,15)
Info:                Sink u_b4.start_sum_LUT4_I2_2_LC.D
Info:                Defined in:
Info:                  ../design/top.sv:164.14-175.6
Info:                  ../design/display_multiplexer.sv:2.22-2.25
Info:  0.6  8.6  Source u_b4.start_sum_LUT4_I2_2_LC.F
Info:  0.8  9.4    Net u_b4.resultado_DFFRE_Q_10_D_ALU_SUM_COUT_ALU_COUT_9_SUM_LUT4_I1_F_MUX2_LUT8_O_1_S0[3] budget 4.294005 ns (16,15) -> (16,16)
Info:                Sink u_b4.resultado_DFFRE_Q_10_D_LUT2_I1_F_MUX2_LUT5_I1_O_LUT3_I0_F_MUX2_LUT5_I0_O_MUX2_LUT6_I1_O_MUX2_LUT7_I1_O_MUX2_LUT8_I1_O_MUX2_LUT5_O_S0_LUT3_I0_F_MUX2_LUT6_O_I0_MUX2_LUT5_O_I1_LUT2_F_I1_MUX2_LUT7_O_I0_MUX2_LUT6_O_I1_MUX2_LUT5_O_I1_LUT4_F_LC.A
Info:                Defined in:
Info:                  c:\Users\david\OneDrive\ESCRIT~1\Nacho\TEC\virus\OSS-CA~1\bin\../share/yosys/gowin/cells_map.v:130.20-130.21
Info:  1.0 10.5  Source u_b4.resultado_DFFRE_Q_10_D_LUT2_I1_F_MUX2_LUT5_I1_O_LUT3_I0_F_MUX2_LUT5_I0_O_MUX2_LUT6_I1_O_MUX2_LUT7_I1_O_MUX2_LUT8_I1_O_MUX2_LUT5_O_S0_LUT3_I0_F_MUX2_LUT6_O_I0_MUX2_LUT5_O_I1_LUT2_F_I1_MUX2_LUT7_O_I0_MUX2_LUT6_O_I1_MUX2_LUT5_O_I1_LUT4_F_LC.F
Info:  0.3 10.8    Net u_b4.resultado_DFFRE_Q_10_D_LUT2_I1_F_MUX2_LUT5_I1_O_LUT3_I0_F_MUX2_LUT5_I0_O_MUX2_LUT6_I1_O_MUX2_LUT7_I1_O_MUX2_LUT8_I1_O_MUX2_LUT5_O_S0_LUT3_I0_F_MUX2_LUT6_O_I0_MUX2_LUT5_O_I1_LUT2_F_I1_MUX2_LUT7_O_I0_MUX2_LUT6_O_I1_MUX2_LUT5_O_I1 budget 2.536185 ns (16,16) -> (16,16)
Info:                Sink u_b4.resultado_DFFRE_Q_10_D_LUT2_I1_F_MUX2_LUT5_I1_O_LUT3_I0_F_MUX2_LUT5_I0_O_MUX2_LUT6_I1_O_MUX2_LUT7_I1_O_MUX2_LUT8_I1_O_MUX2_LUT5_O_S0_LUT3_I0_F_MUX2_LUT6_O_I0_MUX2_LUT5_O_I1_LUT2_F_I1_MUX2_LUT7_O_I0_MUX2_LUT6_O_I1_MUX2_LUT5_O_LC.I1
Info:                Defined in:
Info:                  c:\Users\david\OneDrive\ESCRIT~1\Nacho\TEC\virus\OSS-CA~1\bin\../share/yosys/gowin/cells_map.v:164.41-164.66
Info:                  c:\Users\david\OneDrive\ESCRIT~1\Nacho\TEC\virus\OSS-CA~1\bin\../share/yosys/gowin/cells_map.v:159.41-159.66
Info:                  c:\Users\david\OneDrive\ESCRIT~1\Nacho\TEC\virus\OSS-CA~1\bin\../share/yosys/gowin/cells_map.v:151.13-151.15
Info:  0.2 11.0  Source u_b4.resultado_DFFRE_Q_10_D_LUT2_I1_F_MUX2_LUT5_I1_O_LUT3_I0_F_MUX2_LUT5_I0_O_MUX2_LUT6_I1_O_MUX2_LUT7_I1_O_MUX2_LUT8_I1_O_MUX2_LUT5_O_S0_LUT3_I0_F_MUX2_LUT6_O_I0_MUX2_LUT5_O_I1_LUT2_F_I1_MUX2_LUT7_O_I0_MUX2_LUT6_O_I1_MUX2_LUT5_O_LC.OF
Info:  0.3 11.3    Net u_b4.resultado_DFFRE_Q_10_D_LUT2_I1_F_MUX2_LUT5_I1_O_LUT3_I0_F_MUX2_LUT5_I0_O_MUX2_LUT6_I1_O_MUX2_LUT7_I1_O_MUX2_LUT8_I1_O_MUX2_LUT5_O_S0_LUT3_I0_F_MUX2_LUT6_O_I0_MUX2_LUT5_O_I1_LUT2_F_I1_MUX2_LUT7_O_I0_MUX2_LUT6_O_I1 budget 2.536185 ns (16,16) -> (16,16)
Info:                Sink u_b4.resultado_DFFRE_Q_10_D_LUT2_I1_F_MUX2_LUT5_I1_O_LUT3_I0_F_MUX2_LUT5_I0_O_MUX2_LUT6_I1_O_MUX2_LUT7_I1_O_MUX2_LUT8_I1_O_MUX2_LUT5_O_S0_LUT3_I0_F_MUX2_LUT6_O_I0_MUX2_LUT5_O_I1_LUT2_F_I1_MUX2_LUT7_O_I0_MUX2_LUT6_O_LC.I1
Info:                Defined in:
Info:                  c:\Users\david\OneDrive\ESCRIT~1\Nacho\TEC\virus\OSS-CA~1\bin\../share/yosys/gowin/cells_map.v:164.41-164.66
Info:                  c:\Users\david\OneDrive\ESCRIT~1\Nacho\TEC\virus\OSS-CA~1\bin\../share/yosys/gowin/cells_map.v:157.13-157.15
Info:  0.4 11.6  Source u_b4.resultado_DFFRE_Q_10_D_LUT2_I1_F_MUX2_LUT5_I1_O_LUT3_I0_F_MUX2_LUT5_I0_O_MUX2_LUT6_I1_O_MUX2_LUT7_I1_O_MUX2_LUT8_I1_O_MUX2_LUT5_O_S0_LUT3_I0_F_MUX2_LUT6_O_I0_MUX2_LUT5_O_I1_LUT2_F_I1_MUX2_LUT7_O_I0_MUX2_LUT6_O_LC.OF
Info:  0.3 12.0    Net u_b4.resultado_DFFRE_Q_10_D_LUT2_I1_F_MUX2_LUT5_I1_O_LUT3_I0_F_MUX2_LUT5_I0_O_MUX2_LUT6_I1_O_MUX2_LUT7_I1_O_MUX2_LUT8_I1_O_MUX2_LUT5_O_S0_LUT3_I0_F_MUX2_LUT6_O_I0_MUX2_LUT5_O_I1_LUT2_F_I1_MUX2_LUT7_O_I0 budget 2.536185 ns (16,16) -> (16,16)
Info:                Sink u_b4.resultado_DFFRE_Q_10_D_LUT2_I1_F_MUX2_LUT5_I1_O_LUT3_I0_F_MUX2_LUT5_I0_O_MUX2_LUT6_I1_O_MUX2_LUT7_I1_O_MUX2_LUT8_I1_O_MUX2_LUT5_O_S0_LUT3_I0_F_MUX2_LUT6_O_I0_MUX2_LUT5_O_I1_LUT2_F_I1_MUX2_LUT7_O_LC.I0
Info:                Defined in:
Info:                  c:\Users\david\OneDrive\ESCRIT~1\Nacho\TEC\virus\OSS-CA~1\bin\../share/yosys/gowin/cells_map.v:163.9-163.11
Info:  0.5 12.5  Source u_b4.resultado_DFFRE_Q_10_D_LUT2_I1_F_MUX2_LUT5_I1_O_LUT3_I0_F_MUX2_LUT5_I0_O_MUX2_LUT6_I1_O_MUX2_LUT7_I1_O_MUX2_LUT8_I1_O_MUX2_LUT5_O_S0_LUT3_I0_F_MUX2_LUT6_O_I0_MUX2_LUT5_O_I1_LUT2_F_I1_MUX2_LUT7_O_LC.OF
Info:  1.4 13.9    Net u_b4.resultado_DFFRE_Q_10_D_LUT2_I1_F_MUX2_LUT5_I1_O_LUT3_I0_F_MUX2_LUT5_I0_O_MUX2_LUT6_I1_O_MUX2_LUT7_I1_O_MUX2_LUT8_I1_O_MUX2_LUT5_O_S0_LUT3_I0_F_MUX2_LUT6_O_I0_MUX2_LUT5_O_I1_LUT2_F_I1[3] budget 2.536185 ns (16,16) -> (21,16)
Info:                Sink u_b4.resultado_DFFRE_Q_10_D_LUT2_I1_F_MUX2_LUT5_I1_O_LUT3_I0_F_MUX2_LUT5_I0_O_MUX2_LUT6_I1_O_MUX2_LUT7_I1_O_MUX2_LUT8_I1_O_MUX2_LUT5_O_S0_LUT3_I0_F_MUX2_LUT7_O_1_I1_MUX2_LUT6_O_I0_MUX2_LUT5_O_I0_LUT4_F_LC.B
Info:                Defined in:
Info:                  c:\Users\david\OneDrive\ESCRIT~1\Nacho\TEC\virus\OSS-CA~1\bin\../share/yosys/gowin/cells_map.v:130.20-130.21
Info:  1.1 15.0  Source u_b4.resultado_DFFRE_Q_10_D_LUT2_I1_F_MUX2_LUT5_I1_O_LUT3_I0_F_MUX2_LUT5_I0_O_MUX2_LUT6_I1_O_MUX2_LUT7_I1_O_MUX2_LUT8_I1_O_MUX2_LUT5_O_S0_LUT3_I0_F_MUX2_LUT7_O_1_I1_MUX2_LUT6_O_I0_MUX2_LUT5_O_I0_LUT4_F_LC.F
Info:  0.3 15.3    Net u_b4.resultado_DFFRE_Q_10_D_LUT2_I1_F_MUX2_LUT5_I1_O_LUT3_I0_F_MUX2_LUT5_I0_O_MUX2_LUT6_I1_O_MUX2_LUT7_I1_O_MUX2_LUT8_I1_O_MUX2_LUT5_O_S0_LUT3_I0_F_MUX2_LUT7_O_1_I1_MUX2_LUT6_O_I0_MUX2_LUT5_O_I0 budget 1.715869 ns (21,16) -> (21,16)
Info:                Sink u_b4.resultado_DFFRE_Q_10_D_LUT2_I1_F_MUX2_LUT5_I1_O_LUT3_I0_F_MUX2_LUT5_I0_O_MUX2_LUT6_I1_O_MUX2_LUT7_I1_O_MUX2_LUT8_I1_O_MUX2_LUT5_O_S0_LUT3_I0_F_MUX2_LUT7_O_1_I1_MUX2_LUT6_O_I0_MUX2_LUT5_O_LC.I0
Info:                Defined in:
Info:                  c:\Users\david\OneDrive\ESCRIT~1\Nacho\TEC\virus\OSS-CA~1\bin\../share/yosys/gowin/cells_map.v:165.42-165.67
Info:                  c:\Users\david\OneDrive\ESCRIT~1\Nacho\TEC\virus\OSS-CA~1\bin\../share/yosys/gowin/cells_map.v:158.41-158.66
Info:                  c:\Users\david\OneDrive\ESCRIT~1\Nacho\TEC\virus\OSS-CA~1\bin\../share/yosys/gowin/cells_map.v:151.9-151.11
Info:  0.2 15.5  Source u_b4.resultado_DFFRE_Q_10_D_LUT2_I1_F_MUX2_LUT5_I1_O_LUT3_I0_F_MUX2_LUT5_I0_O_MUX2_LUT6_I1_O_MUX2_LUT7_I1_O_MUX2_LUT8_I1_O_MUX2_LUT5_O_S0_LUT3_I0_F_MUX2_LUT7_O_1_I1_MUX2_LUT6_O_I0_MUX2_LUT5_O_LC.OF
Info:  0.3 15.8    Net u_b4.resultado_DFFRE_Q_10_D_LUT2_I1_F_MUX2_LUT5_I1_O_LUT3_I0_F_MUX2_LUT5_I0_O_MUX2_LUT6_I1_O_MUX2_LUT7_I1_O_MUX2_LUT8_I1_O_MUX2_LUT5_O_S0_LUT3_I0_F_MUX2_LUT7_O_1_I1_MUX2_LUT6_O_I0 budget 1.715869 ns (21,16) -> (21,16)
Info:                Sink u_b4.resultado_DFFRE_Q_10_D_LUT2_I1_F_MUX2_LUT5_I1_O_LUT3_I0_F_MUX2_LUT5_I0_O_MUX2_LUT6_I1_O_MUX2_LUT7_I1_O_MUX2_LUT8_I1_O_MUX2_LUT5_O_S0_LUT3_I0_F_MUX2_LUT7_O_1_I1_MUX2_LUT6_O_LC.I0
Info:                Defined in:
Info:                  c:\Users\david\OneDrive\ESCRIT~1\Nacho\TEC\virus\OSS-CA~1\bin\../share/yosys/gowin/cells_map.v:165.42-165.67
Info:                  c:\Users\david\OneDrive\ESCRIT~1\Nacho\TEC\virus\OSS-CA~1\bin\../share/yosys/gowin/cells_map.v:157.9-157.11
Info:  0.4 16.1  Source u_b4.resultado_DFFRE_Q_10_D_LUT2_I1_F_MUX2_LUT5_I1_O_LUT3_I0_F_MUX2_LUT5_I0_O_MUX2_LUT6_I1_O_MUX2_LUT7_I1_O_MUX2_LUT8_I1_O_MUX2_LUT5_O_S0_LUT3_I0_F_MUX2_LUT7_O_1_I1_MUX2_LUT6_O_LC.OF
Info:  0.3 16.5    Net u_b4.resultado_DFFRE_Q_10_D_LUT2_I1_F_MUX2_LUT5_I1_O_LUT3_I0_F_MUX2_LUT5_I0_O_MUX2_LUT6_I1_O_MUX2_LUT7_I1_O_MUX2_LUT8_I1_O_MUX2_LUT5_O_S0_LUT3_I0_F_MUX2_LUT7_O_1_I1 budget 1.715869 ns (21,16) -> (21,16)
Info:                Sink u_b4.resultado_DFFRE_Q_10_D_LUT2_I1_F_MUX2_LUT5_I1_O_LUT3_I0_F_MUX2_LUT5_I0_O_MUX2_LUT6_I1_O_MUX2_LUT7_I1_O_MUX2_LUT8_I1_O_MUX2_LUT5_O_S0_LUT3_I0_F_MUX2_LUT7_O_1_LC.I1
Info:                Defined in:
Info:                  c:\Users\david\OneDrive\ESCRIT~1\Nacho\TEC\virus\OSS-CA~1\bin\../share/yosys/gowin/cells_map.v:163.13-163.15
Info:  0.5 17.0  Source u_b4.resultado_DFFRE_Q_10_D_LUT2_I1_F_MUX2_LUT5_I1_O_LUT3_I0_F_MUX2_LUT5_I0_O_MUX2_LUT6_I1_O_MUX2_LUT7_I1_O_MUX2_LUT8_I1_O_MUX2_LUT5_O_S0_LUT3_I0_F_MUX2_LUT7_O_1_LC.OF
Info:  0.8 17.8    Net u_b4.resultado_DFFRE_Q_10_D_LUT2_I1_F_MUX2_LUT5_I1_O_LUT3_I0_F_MUX2_LUT5_I0_O_MUX2_LUT6_I1_O_MUX2_LUT7_I1_O_MUX2_LUT8_I1_O_MUX2_LUT5_O_S0_LUT3_I0_F[2] budget 1.715869 ns (21,16) -> (20,16)
Info:                Sink u_b4.resultado_DFFRE_Q_10_D_LUT2_I1_F_MUX2_LUT5_I1_O_LUT3_I2_F_LUT4_I1_F_LUT4_I0_F_MUX2_LUT6_O_1_I0_MUX2_LUT5_O_I0_LUT1_F_LC.A
Info:                Defined in:
Info:                  c:\Users\david\OneDrive\ESCRIT~1\Nacho\TEC\virus\OSS-CA~1\bin\../share/yosys/gowin/cells_map.v:130.20-130.21
Info:  0.0 17.8  Setup u_b4.resultado_DFFRE_Q_10_D_LUT2_I1_F_MUX2_LUT5_I1_O_LUT3_I2_F_LUT4_I1_F_LUT4_I0_F_MUX2_LUT6_O_1_I0_MUX2_LUT5_O_I0_LUT1_F_LC.A
Info: 4.9 ns logic, 12.9 ns routing

Info: Critical path report for cross-domain path '<async>' -> 'posedge u_antreb.clk':
Info: curr total
Info:  0.0  0.0  Source u_b3.rst_IBUF_O$iob.O
Info:  8.0  8.0    Net u_b3.rst budget 37.037037 ns (1,0) -> (16,15)
Info:                Sink u_b4.start_sum_LUT4_I2_2_LC.D
Info:                Defined in:
Info:                  ../design/top.sv:164.14-175.6
Info:                  ../design/display_multiplexer.sv:2.22-2.25
Info:  0.6  8.6  Source u_b4.start_sum_LUT4_I2_2_LC.F
Info:  0.8  9.4    Net u_b4.resultado_DFFRE_Q_10_D_ALU_SUM_COUT_ALU_COUT_9_SUM_LUT4_I1_F_MUX2_LUT8_O_1_S0[3] budget 4.294005 ns (16,15) -> (16,16)
Info:                Sink u_b4.resultado_DFFRE_Q_10_D_LUT2_I1_F_MUX2_LUT5_I1_O_LUT3_I0_F_MUX2_LUT5_I0_O_MUX2_LUT6_I1_O_MUX2_LUT7_I1_O_MUX2_LUT8_I1_O_MUX2_LUT5_O_S0_LUT3_I0_F_MUX2_LUT6_O_I0_MUX2_LUT5_O_I1_LUT2_F_I1_MUX2_LUT7_O_I0_MUX2_LUT6_O_I1_MUX2_LUT5_O_I1_LUT4_F_LC.A
Info:                Defined in:
Info:                  c:\Users\david\OneDrive\ESCRIT~1\Nacho\TEC\virus\OSS-CA~1\bin\../share/yosys/gowin/cells_map.v:130.20-130.21
Info:  1.0 10.5  Source u_b4.resultado_DFFRE_Q_10_D_LUT2_I1_F_MUX2_LUT5_I1_O_LUT3_I0_F_MUX2_LUT5_I0_O_MUX2_LUT6_I1_O_MUX2_LUT7_I1_O_MUX2_LUT8_I1_O_MUX2_LUT5_O_S0_LUT3_I0_F_MUX2_LUT6_O_I0_MUX2_LUT5_O_I1_LUT2_F_I1_MUX2_LUT7_O_I0_MUX2_LUT6_O_I1_MUX2_LUT5_O_I1_LUT4_F_LC.F
Info:  0.3 10.8    Net u_b4.resultado_DFFRE_Q_10_D_LUT2_I1_F_MUX2_LUT5_I1_O_LUT3_I0_F_MUX2_LUT5_I0_O_MUX2_LUT6_I1_O_MUX2_LUT7_I1_O_MUX2_LUT8_I1_O_MUX2_LUT5_O_S0_LUT3_I0_F_MUX2_LUT6_O_I0_MUX2_LUT5_O_I1_LUT2_F_I1_MUX2_LUT7_O_I0_MUX2_LUT6_O_I1_MUX2_LUT5_O_I1 budget 2.536185 ns (16,16) -> (16,16)
Info:                Sink u_b4.resultado_DFFRE_Q_10_D_LUT2_I1_F_MUX2_LUT5_I1_O_LUT3_I0_F_MUX2_LUT5_I0_O_MUX2_LUT6_I1_O_MUX2_LUT7_I1_O_MUX2_LUT8_I1_O_MUX2_LUT5_O_S0_LUT3_I0_F_MUX2_LUT6_O_I0_MUX2_LUT5_O_I1_LUT2_F_I1_MUX2_LUT7_O_I0_MUX2_LUT6_O_I1_MUX2_LUT5_O_LC.I1
Info:                Defined in:
Info:                  c:\Users\david\OneDrive\ESCRIT~1\Nacho\TEC\virus\OSS-CA~1\bin\../share/yosys/gowin/cells_map.v:164.41-164.66
Info:                  c:\Users\david\OneDrive\ESCRIT~1\Nacho\TEC\virus\OSS-CA~1\bin\../share/yosys/gowin/cells_map.v:159.41-159.66
Info:                  c:\Users\david\OneDrive\ESCRIT~1\Nacho\TEC\virus\OSS-CA~1\bin\../share/yosys/gowin/cells_map.v:151.13-151.15
Info:  0.2 11.0  Source u_b4.resultado_DFFRE_Q_10_D_LUT2_I1_F_MUX2_LUT5_I1_O_LUT3_I0_F_MUX2_LUT5_I0_O_MUX2_LUT6_I1_O_MUX2_LUT7_I1_O_MUX2_LUT8_I1_O_MUX2_LUT5_O_S0_LUT3_I0_F_MUX2_LUT6_O_I0_MUX2_LUT5_O_I1_LUT2_F_I1_MUX2_LUT7_O_I0_MUX2_LUT6_O_I1_MUX2_LUT5_O_LC.OF
Info:  0.3 11.3    Net u_b4.resultado_DFFRE_Q_10_D_LUT2_I1_F_MUX2_LUT5_I1_O_LUT3_I0_F_MUX2_LUT5_I0_O_MUX2_LUT6_I1_O_MUX2_LUT7_I1_O_MUX2_LUT8_I1_O_MUX2_LUT5_O_S0_LUT3_I0_F_MUX2_LUT6_O_I0_MUX2_LUT5_O_I1_LUT2_F_I1_MUX2_LUT7_O_I0_MUX2_LUT6_O_I1 budget 2.536185 ns (16,16) -> (16,16)
Info:                Sink u_b4.resultado_DFFRE_Q_10_D_LUT2_I1_F_MUX2_LUT5_I1_O_LUT3_I0_F_MUX2_LUT5_I0_O_MUX2_LUT6_I1_O_MUX2_LUT7_I1_O_MUX2_LUT8_I1_O_MUX2_LUT5_O_S0_LUT3_I0_F_MUX2_LUT6_O_I0_MUX2_LUT5_O_I1_LUT2_F_I1_MUX2_LUT7_O_I0_MUX2_LUT6_O_LC.I1
Info:                Defined in:
Info:                  c:\Users\david\OneDrive\ESCRIT~1\Nacho\TEC\virus\OSS-CA~1\bin\../share/yosys/gowin/cells_map.v:164.41-164.66
Info:                  c:\Users\david\OneDrive\ESCRIT~1\Nacho\TEC\virus\OSS-CA~1\bin\../share/yosys/gowin/cells_map.v:157.13-157.15
Info:  0.4 11.6  Source u_b4.resultado_DFFRE_Q_10_D_LUT2_I1_F_MUX2_LUT5_I1_O_LUT3_I0_F_MUX2_LUT5_I0_O_MUX2_LUT6_I1_O_MUX2_LUT7_I1_O_MUX2_LUT8_I1_O_MUX2_LUT5_O_S0_LUT3_I0_F_MUX2_LUT6_O_I0_MUX2_LUT5_O_I1_LUT2_F_I1_MUX2_LUT7_O_I0_MUX2_LUT6_O_LC.OF
Info:  0.3 12.0    Net u_b4.resultado_DFFRE_Q_10_D_LUT2_I1_F_MUX2_LUT5_I1_O_LUT3_I0_F_MUX2_LUT5_I0_O_MUX2_LUT6_I1_O_MUX2_LUT7_I1_O_MUX2_LUT8_I1_O_MUX2_LUT5_O_S0_LUT3_I0_F_MUX2_LUT6_O_I0_MUX2_LUT5_O_I1_LUT2_F_I1_MUX2_LUT7_O_I0 budget 2.536185 ns (16,16) -> (16,16)
Info:                Sink u_b4.resultado_DFFRE_Q_10_D_LUT2_I1_F_MUX2_LUT5_I1_O_LUT3_I0_F_MUX2_LUT5_I0_O_MUX2_LUT6_I1_O_MUX2_LUT7_I1_O_MUX2_LUT8_I1_O_MUX2_LUT5_O_S0_LUT3_I0_F_MUX2_LUT6_O_I0_MUX2_LUT5_O_I1_LUT2_F_I1_MUX2_LUT7_O_LC.I0
Info:                Defined in:
Info:                  c:\Users\david\OneDrive\ESCRIT~1\Nacho\TEC\virus\OSS-CA~1\bin\../share/yosys/gowin/cells_map.v:163.9-163.11
Info:  0.5 12.5  Source u_b4.resultado_DFFRE_Q_10_D_LUT2_I1_F_MUX2_LUT5_I1_O_LUT3_I0_F_MUX2_LUT5_I0_O_MUX2_LUT6_I1_O_MUX2_LUT7_I1_O_MUX2_LUT8_I1_O_MUX2_LUT5_O_S0_LUT3_I0_F_MUX2_LUT6_O_I0_MUX2_LUT5_O_I1_LUT2_F_I1_MUX2_LUT7_O_LC.OF
Info:  1.4 13.9    Net u_b4.resultado_DFFRE_Q_10_D_LUT2_I1_F_MUX2_LUT5_I1_O_LUT3_I0_F_MUX2_LUT5_I0_O_MUX2_LUT6_I1_O_MUX2_LUT7_I1_O_MUX2_LUT8_I1_O_MUX2_LUT5_O_S0_LUT3_I0_F_MUX2_LUT6_O_I0_MUX2_LUT5_O_I1_LUT2_F_I1[3] budget 2.536185 ns (16,16) -> (21,16)
Info:                Sink u_b4.resultado_DFFRE_Q_10_D_LUT2_I1_F_MUX2_LUT5_I1_O_LUT3_I0_F_MUX2_LUT5_I0_O_MUX2_LUT6_I1_O_MUX2_LUT7_I1_O_MUX2_LUT8_I1_O_MUX2_LUT5_O_S0_LUT3_I0_F_MUX2_LUT7_O_1_I1_MUX2_LUT6_O_I0_MUX2_LUT5_O_I0_LUT4_F_LC.B
Info:                Defined in:
Info:                  c:\Users\david\OneDrive\ESCRIT~1\Nacho\TEC\virus\OSS-CA~1\bin\../share/yosys/gowin/cells_map.v:130.20-130.21
Info:  1.1 15.0  Source u_b4.resultado_DFFRE_Q_10_D_LUT2_I1_F_MUX2_LUT5_I1_O_LUT3_I0_F_MUX2_LUT5_I0_O_MUX2_LUT6_I1_O_MUX2_LUT7_I1_O_MUX2_LUT8_I1_O_MUX2_LUT5_O_S0_LUT3_I0_F_MUX2_LUT7_O_1_I1_MUX2_LUT6_O_I0_MUX2_LUT5_O_I0_LUT4_F_LC.F
Info:  0.3 15.3    Net u_b4.resultado_DFFRE_Q_10_D_LUT2_I1_F_MUX2_LUT5_I1_O_LUT3_I0_F_MUX2_LUT5_I0_O_MUX2_LUT6_I1_O_MUX2_LUT7_I1_O_MUX2_LUT8_I1_O_MUX2_LUT5_O_S0_LUT3_I0_F_MUX2_LUT7_O_1_I1_MUX2_LUT6_O_I0_MUX2_LUT5_O_I0 budget 1.715869 ns (21,16) -> (21,16)
Info:                Sink u_b4.resultado_DFFRE_Q_10_D_LUT2_I1_F_MUX2_LUT5_I1_O_LUT3_I0_F_MUX2_LUT5_I0_O_MUX2_LUT6_I1_O_MUX2_LUT7_I1_O_MUX2_LUT8_I1_O_MUX2_LUT5_O_S0_LUT3_I0_F_MUX2_LUT7_O_1_I1_MUX2_LUT6_O_I0_MUX2_LUT5_O_LC.I0
Info:                Defined in:
Info:                  c:\Users\david\OneDrive\ESCRIT~1\Nacho\TEC\virus\OSS-CA~1\bin\../share/yosys/gowin/cells_map.v:165.42-165.67
Info:                  c:\Users\david\OneDrive\ESCRIT~1\Nacho\TEC\virus\OSS-CA~1\bin\../share/yosys/gowin/cells_map.v:158.41-158.66
Info:                  c:\Users\david\OneDrive\ESCRIT~1\Nacho\TEC\virus\OSS-CA~1\bin\../share/yosys/gowin/cells_map.v:151.9-151.11
Info:  0.2 15.5  Source u_b4.resultado_DFFRE_Q_10_D_LUT2_I1_F_MUX2_LUT5_I1_O_LUT3_I0_F_MUX2_LUT5_I0_O_MUX2_LUT6_I1_O_MUX2_LUT7_I1_O_MUX2_LUT8_I1_O_MUX2_LUT5_O_S0_LUT3_I0_F_MUX2_LUT7_O_1_I1_MUX2_LUT6_O_I0_MUX2_LUT5_O_LC.OF
Info:  0.3 15.8    Net u_b4.resultado_DFFRE_Q_10_D_LUT2_I1_F_MUX2_LUT5_I1_O_LUT3_I0_F_MUX2_LUT5_I0_O_MUX2_LUT6_I1_O_MUX2_LUT7_I1_O_MUX2_LUT8_I1_O_MUX2_LUT5_O_S0_LUT3_I0_F_MUX2_LUT7_O_1_I1_MUX2_LUT6_O_I0 budget 1.715869 ns (21,16) -> (21,16)
Info:                Sink u_b4.resultado_DFFRE_Q_10_D_LUT2_I1_F_MUX2_LUT5_I1_O_LUT3_I0_F_MUX2_LUT5_I0_O_MUX2_LUT6_I1_O_MUX2_LUT7_I1_O_MUX2_LUT8_I1_O_MUX2_LUT5_O_S0_LUT3_I0_F_MUX2_LUT7_O_1_I1_MUX2_LUT6_O_LC.I0
Info:                Defined in:
Info:                  c:\Users\david\OneDrive\ESCRIT~1\Nacho\TEC\virus\OSS-CA~1\bin\../share/yosys/gowin/cells_map.v:165.42-165.67
Info:                  c:\Users\david\OneDrive\ESCRIT~1\Nacho\TEC\virus\OSS-CA~1\bin\../share/yosys/gowin/cells_map.v:157.9-157.11
Info:  0.4 16.1  Source u_b4.resultado_DFFRE_Q_10_D_LUT2_I1_F_MUX2_LUT5_I1_O_LUT3_I0_F_MUX2_LUT5_I0_O_MUX2_LUT6_I1_O_MUX2_LUT7_I1_O_MUX2_LUT8_I1_O_MUX2_LUT5_O_S0_LUT3_I0_F_MUX2_LUT7_O_1_I1_MUX2_LUT6_O_LC.OF
Info:  0.3 16.5    Net u_b4.resultado_DFFRE_Q_10_D_LUT2_I1_F_MUX2_LUT5_I1_O_LUT3_I0_F_MUX2_LUT5_I0_O_MUX2_LUT6_I1_O_MUX2_LUT7_I1_O_MUX2_LUT8_I1_O_MUX2_LUT5_O_S0_LUT3_I0_F_MUX2_LUT7_O_1_I1 budget 1.715869 ns (21,16) -> (21,16)
Info:                Sink u_b4.resultado_DFFRE_Q_10_D_LUT2_I1_F_MUX2_LUT5_I1_O_LUT3_I0_F_MUX2_LUT5_I0_O_MUX2_LUT6_I1_O_MUX2_LUT7_I1_O_MUX2_LUT8_I1_O_MUX2_LUT5_O_S0_LUT3_I0_F_MUX2_LUT7_O_1_LC.I1
Info:                Defined in:
Info:                  c:\Users\david\OneDrive\ESCRIT~1\Nacho\TEC\virus\OSS-CA~1\bin\../share/yosys/gowin/cells_map.v:163.13-163.15
Info:  0.5 17.0  Source u_b4.resultado_DFFRE_Q_10_D_LUT2_I1_F_MUX2_LUT5_I1_O_LUT3_I0_F_MUX2_LUT5_I0_O_MUX2_LUT6_I1_O_MUX2_LUT7_I1_O_MUX2_LUT8_I1_O_MUX2_LUT5_O_S0_LUT3_I0_F_MUX2_LUT7_O_1_LC.OF
Info:  0.8 17.8    Net u_b4.resultado_DFFRE_Q_10_D_LUT2_I1_F_MUX2_LUT5_I1_O_LUT3_I0_F_MUX2_LUT5_I0_O_MUX2_LUT6_I1_O_MUX2_LUT7_I1_O_MUX2_LUT8_I1_O_MUX2_LUT5_O_S0_LUT3_I0_F[2] budget 1.715869 ns (21,16) -> (20,16)
Info:                Sink u_b4.resultado_DFFRE_Q_10_D_LUT2_I1_F_MUX2_LUT5_I1_O_LUT3_I2_F_LUT4_I1_F_LUT4_I0_F_MUX2_LUT6_O_1_I1_MUX2_LUT5_O_I0_LUT1_F_LC.A
Info:                Defined in:
Info:                  c:\Users\david\OneDrive\ESCRIT~1\Nacho\TEC\virus\OSS-CA~1\bin\../share/yosys/gowin/cells_map.v:130.20-130.21
Info:  1.0 18.8  Source u_b4.resultado_DFFRE_Q_10_D_LUT2_I1_F_MUX2_LUT5_I1_O_LUT3_I2_F_LUT4_I1_F_LUT4_I0_F_MUX2_LUT6_O_1_I1_MUX2_LUT5_O_I0_LUT1_F_LC.F
Info:  0.3 19.2    Net u_b4.resultado_DFFRE_Q_10_D_LUT2_I1_F_MUX2_LUT5_I1_O_LUT3_I2_F_LUT4_I1_F_LUT4_I0_F_MUX2_LUT6_O_1_I1_MUX2_LUT5_O_I0 budget 1.343113 ns (20,16) -> (20,16)
Info:                Sink u_b4.resultado_DFFRE_Q_10_D_LUT2_I1_F_MUX2_LUT5_I1_O_LUT3_I2_F_LUT4_I1_F_LUT4_I0_F_MUX2_LUT6_O_1_I1_MUX2_LUT5_O_LC.I0
Info:                Defined in:
Info:                  c:\Users\david\OneDrive\ESCRIT~1\Nacho\TEC\virus\OSS-CA~1\bin\../share/yosys/gowin/cells_map.v:159.41-159.66
Info:                  c:\Users\david\OneDrive\ESCRIT~1\Nacho\TEC\virus\OSS-CA~1\bin\../share/yosys/gowin/cells_map.v:151.9-151.11
Info:  0.2 19.3  Source u_b4.resultado_DFFRE_Q_10_D_LUT2_I1_F_MUX2_LUT5_I1_O_LUT3_I2_F_LUT4_I1_F_LUT4_I0_F_MUX2_LUT6_O_1_I1_MUX2_LUT5_O_LC.OF
Info:  0.3 19.7    Net u_b4.resultado_DFFRE_Q_10_D_LUT2_I1_F_MUX2_LUT5_I1_O_LUT3_I2_F_LUT4_I1_F_LUT4_I0_F_MUX2_LUT6_O_1_I1 budget 1.343113 ns (20,16) -> (20,16)
Info:                Sink u_b4.resultado_DFFRE_Q_10_D_LUT2_I1_F_MUX2_LUT5_I1_O_LUT3_I2_F_LUT4_I1_F_LUT4_I0_F_MUX2_LUT6_O_1_LC.I1
Info:                Defined in:
Info:                  c:\Users\david\OneDrive\ESCRIT~1\Nacho\TEC\virus\OSS-CA~1\bin\../share/yosys/gowin/cells_map.v:157.13-157.15
Info:  0.4 20.0  Source u_b4.resultado_DFFRE_Q_10_D_LUT2_I1_F_MUX2_LUT5_I1_O_LUT3_I2_F_LUT4_I1_F_LUT4_I0_F_MUX2_LUT6_O_1_LC.OF
Info:  0.4 20.4    Net u_b4.resultado_DFFRE_Q_10_D_LUT2_I1_F_MUX2_LUT5_I1_O_LUT3_I2_F_LUT4_I1_F_LUT4_I0_F[2] budget 1.343113 ns (20,16) -> (20,16)
Info:                Sink u_b4.resultado_DFFRE_Q_10_D_LUT2_I1_F_MUX2_LUT5_I1_O_LUT3_I2_F_LUT4_I1_F_LUT4_F_I1_LUT4_I0_I1_DFFR_D_Q_LUT3_I2_F_LUT4_F_I1_DFF_Q_DFFLC.A
Info:  0.0 20.4  Setup u_b4.resultado_DFFRE_Q_10_D_LUT2_I1_F_MUX2_LUT5_I1_O_LUT3_I2_F_LUT4_I1_F_LUT4_F_I1_LUT4_I0_I1_DFFR_D_Q_LUT3_I2_F_LUT4_F_I1_DFF_Q_DFFLC.A
Info: 6.4 ns logic, 14.0 ns routing

Info: Critical path report for cross-domain path 'posedge u_antreb.clk' -> '<async>':
Info: curr total
Info:  0.5  0.5  Source u_mux.sel_DFFR_Q_DFFLC.Q
Info:  2.7  3.1    Net u_b4.resultado_DFFRE_Q_10_D_LUT2_I1_F_MUX2_LUT5_I1_O_LUT3_I0_F_MUX2_LUT5_I0_O_MUX2_LUT6_I1_O_MUX2_LUT7_I1_O_MUX2_LUT8_I1_S0_LUT2_I1_F_LUT4_I0_F_DFFR_RESET_Q[3] budget 36.579037 ns (7,12) -> (14,13)
Info:                Sink u_mux.digit_LUT2_F_3_LC.A
Info:                Defined in:
Info:                  ../design/top.sv:164.14-175.6
Info:                  ../design/display_multiplexer.sv:9.13-9.20
Info:  1.0  4.1  Source u_mux.digit_LUT2_F_3_LC.F
Info:  3.4  7.5    Net u_b4.resultado_DFFRE_Q_10_D_LUT2_I1_F_MUX2_LUT5_I1_O_LUT3_I0_F_MUX2_LUT5_I0_O_MUX2_LUT6_I1_O_MUX2_LUT7_I1_O_MUX2_LUT8_I1_S0_LUT2_I1_F_LUT4_I0_F_DFFR_RESET_Q_LUT4_I0_F_LUT4_I1_F_LUT4_F_1_I1[3] budget 17.740519 ns (14,13) -> (19,19)
Info:                Sink u_b4.resultado_DFFRE_Q_10_D_LUT2_I1_F_MUX2_LUT5_I1_O_LUT3_I2_F_LUT4_I1_F_LUT4_F_I1_LUT4_I0_I1_DFFR_D_Q_LUT3_I2_F_LUT4_I0_F_LUT4_F_I0_LUT4_F_1_LC.D
Info:                Defined in:
Info:                  ../design/top.sv:164.14-175.6
Info:                  ../design/display_multiplexer.sv:5.24-5.29
Info:  0.6  8.1  Source u_b4.resultado_DFFRE_Q_10_D_LUT2_I1_F_MUX2_LUT5_I1_O_LUT3_I2_F_LUT4_I1_F_LUT4_F_I1_LUT4_I0_I1_DFFR_D_Q_LUT3_I2_F_LUT4_I0_F_LUT4_F_I0_LUT4_F_1_LC.F
Info:  2.2 10.3    Net u_b4.resultado_DFFRE_Q_10_D_LUT2_I1_F_MUX2_LUT5_I1_O_LUT3_I2_F_LUT4_I1_F_LUT4_F_I1_LUT4_I0_I1_DFFR_D_Q_LUT3_I2_F_LUT4_I0_F_LUT4_F_I0[2] budget 11.483345 ns (19,19) -> (19,13)
Info:                Sink u_b4.resultado_DFFRE_Q_10_D_LUT2_I1_F_MUX2_LUT5_I1_O_LUT3_I2_F_LUT4_I1_F_LUT4_F_I1_LUT4_I0_I1_DFFR_D_Q_LUT3_I2_F_LUT4_I0_F_LUT4_F_LC.C
Info:                Defined in:
Info:                  c:\Users\david\OneDrive\ESCRIT~1\Nacho\TEC\virus\OSS-CA~1\bin\../share/yosys/gowin/cells_map.v:130.20-130.21
Info:  0.8 11.1  Source u_b4.resultado_DFFRE_Q_10_D_LUT2_I1_F_MUX2_LUT5_I1_O_LUT3_I2_F_LUT4_I1_F_LUT4_F_I1_LUT4_I0_I1_DFFR_D_Q_LUT3_I2_F_LUT4_I0_F_LUT4_F_LC.F
Info:  8.6 19.7    Net u_b4.resultado_DFFRE_Q_10_D_LUT2_I1_F_MUX2_LUT5_I1_O_LUT3_I2_F_LUT4_I1_F_LUT4_F_I1_LUT4_I0_I1_DFFR_D_Q_LUT3_I2_F_LUT4_I0_F[0] budget 8.407009 ns (19,13) -> (40,26)
Info:                Sink u_dec.seg_LUT4_F_6_LC.A
Info:                Defined in:
Info:                  c:\Users\david\OneDrive\ESCRIT~1\Nacho\TEC\virus\OSS-CA~1\bin\../share/yosys/gowin/cells_map.v:130.20-130.21
Info:  1.0 20.7  Source u_dec.seg_LUT4_F_6_LC.F
Info:  0.8 21.5    Net u_dec.seg[0] budget 6.437407 ns (40,26) -> (40,28)
Info:                Sink seg_OBUF_O_6$iob.I
Info:                Defined in:
Info:                  ../design/top.sv:181.18-184.6
Info:                  ../design/display_decoder.sv:3.27-3.30
Info: 4.0 ns logic, 17.5 ns routing

Info: Max frequency for clock 'u_antreb.clk': 42.06 MHz (PASS at 27.00 MHz)

Info: Max delay <async>              -> <async>             : 17.80 ns
Info: Max delay <async>              -> posedge u_antreb.clk: 20.43 ns
Info: Max delay posedge u_antreb.clk -> <async>             : 21.51 ns

Info: Slack histogram:
Info:  legend: * represents 7 endpoint(s)
Info:          + represents [1,7) endpoint(s)
Info: [ 13259,  14426) |+
Info: [ 14426,  15593) |+
Info: [ 15593,  16760) |*+
Info: [ 16760,  17927) |**+
Info: [ 17927,  19094) |******+
Info: [ 19094,  20261) |********+
Info: [ 20261,  21428) |***************+
Info: [ 21428,  22595) |**********************************+
Info: [ 22595,  23762) |***********************************************************+
Info: [ 23762,  24929) |**********************************************************+
Info: [ 24929,  26096) |**************************************************+
Info: [ 26096,  27263) |*************************************************+
Info: [ 27263,  28430) |************************************************************ 
Info: [ 28430,  29597) |******************************************+
Info: [ 29597,  30764) |*******+
Info: [ 30764,  31931) |*******+
Info: [ 31931,  33098) |***********+
Info: [ 33098,  34265) |**************+
Info: [ 34265,  35432) |*************************+
Info: [ 35432,  36599) |*********************************+

Info: Program finished normally.
